Microchip MPLAB XC8 Compiler V2.32

Linker command line:

-W-3 --edf=/Applications/microchip/xc8/v2.32/pic/dat/en_msgs.txt -cn \
  -h+dist/default/production/MCU-C-CodingMicroShip.production.sym \
  --cmf=dist/default/production/MCU-C-CodingMicroShip.production.cmf -z \
  -Q16F1619 -o/tmp/xcF3eu5eV --defsym=__MPLAB_BUILD=1 \
  -Mdist/default/production/MCU-C-CodingMicroShip.production.map -E1 \
  -ver=XC8 Compiler --acfsm=1493 -ASTACK=0206Ah-023EFh -pstack=STACK \
  -ACODE=00h-07FFhx4 -ASTRCODE=00h-01FFFh -ASTRING=00h-0FFhx32 \
  -ACONST=00h-0FFhx32 -AENTRY=00h-0FFhx32 -ACOMMON=070h-07Fh \
  -ABANK0=020h-06Fh -ABANK1=0A0h-0EFh -ABANK2=0120h-016Fh \
  -ABANK3=01A0h-01EFh -ABANK4=0220h-026Fh -ABANK5=02A0h-02EFh \
  -ABANK6=0320h-036Fh -ABANK7=03A0h-03EFh -ABANK8=0420h-046Fh \
  -ABANK9=04A0h-04EFh -ABANK10=0520h-056Fh -ABANK11=05A0h-05EFh \
  -ABANK12=0620h-064Fh -ABIGRAM=02000h-023EFh \
  -ARAM=020h-06Fh,0A0h-0EFh,0120h-016Fh,01A0h-01EFh,0220h-026Fh,02A0h-02EFh,0320h-036Fh,03A0h-03EFh,0420h-046Fh,04A0h-04EFh,0520h-056Fh,05A0h-05EFh,0620h-064Fh \
  -AABS1=020h-07Fh,0A0h-0EFh,0120h-016Fh,01A0h-01EFh,0220h-026Fh,02A0h-02EFh,0320h-036Fh,03A0h-03EFh,0420h-046Fh,04A0h-04EFh,0520h-056Fh,05A0h-05EFh,0620h-064Fh \
  -ASFR0=00h-01Fh -ASFR1=080h-09Fh -ASFR2=0100h-011Fh -ASFR3=0180h-019Fh \
  -ASFR4=0200h-021Fh -ASFR5=0280h-029Fh -ASFR6=0300h-031Fh \
  -ASFR7=0380h-039Fh -ASFR8=0400h-041Fh -ASFR9=0480h-049Fh \
  -ASFR10=0500h-051Fh -ASFR11=0580h-059Fh -ASFR12=0600h-061Fh \
  -ASFR13=0680h-06EFh -ASFR14=0700h-076Fh -ASFR15=0780h-07EFh \
  -ASFR16=0800h-086Fh -ASFR17=0880h-08EFh -ASFR18=0900h-096Fh \
  -ASFR19=0980h-09EFh -ASFR20=0A00h-0A6Fh -ASFR21=0A80h-0AEFh \
  -ASFR22=0B00h-0B6Fh -ASFR23=0B80h-0BEFh -ASFR24=0C00h-0C6Fh \
  -ASFR25=0C80h-0CEFh -ASFR26=0D00h-0D6Fh -ASFR27=0D80h-0DEFh \
  -ASFR28=0E00h-0E6Fh -ASFR29=0E80h-0EEFh -ASFR30=0F00h-0F6Fh \
  -ASFR31=0F80h-0FEFh -ACONFIG=08007h-08009h -DCONFIG=2 \
  -AIDLOC=08000h-08003h -DIDLOC=2 -DCODE=2 -DSTRCODE=2 -DSTRING=2 -DCONST=2 \
  -DENTRY=2 -preset_vec=00h,intentry,init,end_init -ppowerup=CODE \
  -pcinit=CODE -pfunctab=ENTRY -k /tmp/xcnxueohr.o \
  dist/default/production/MCU-C-CodingMicroShip.production.o 

Object code version is 3.11

Machine type is 16F1619



                Name                               Link     Load   Length Selector   Space Scale
/tmp/xcnxueohr.o
                end_init                              2        2        2        0       0
                reset_vec                             0        0        2        0       0
                config                             8007     8007        3        0       4
dist/default/production/MCU-C-CodingMicroShip.production.o
                cinit                               7E0      7E0       20      FC0       0
                config                             8007     8007        3        0       4
                text28                               49       49        F       92       0
                text27                                6        6        9        C       0
                text26                               58       58        F       B0       0
                text25                               23       23        C       46       0
                text24                              FCF      FCF        6     1F9E       0
                text23                              FD5      FD5        6     1FAA       0
                text22                               67       67       10       CE       0
                text21                               87       87       13      10E       0
                text20                               9A       9A       14      134       0
                text19                               AE       AE       14      15C       0
                text18                                F        F        9       1E       0
                text17                              1F7      1F7       73      3EE       0
                text16                              156      156       2E      2AC       0
                text15                               C2       C2       15      184       0
                text14                               F0       F0       1D      1E0       0
                text13                              FDB      FDB        6     1FB6       0
                text12                              FE1      FE1        6     1FC2       0
                text11                              FE7      FE7        6     1FCE       0
                text10                              10D      10D       22      21A       0
                text9                                18       18        B       30       0
                text8                               FF9      FF9        7     1FF2       0
                text7                               1BB      1BB       3C      376       0
                text6                                3B       3B        E       76       0
                text5                                77       77       10       EE       0
                text4                                D7       D7       19      1AE       0
                text3                               184      184       37      308       0
                text2                               26A      26A      257      4D4       0
                text1                               12F      12F       27      25E       0
                maintext                            4C1      4C1      31F      982       0
                cstackBANK0                          20       20       20       20       1
                cstackCOMMON                         70       70        D       70       1
                clrtext                             FED      FED        6     1FDA       0
                inittext                            FF3      FF3        6     1FE6       0
                bssBANK1                             A0       A0       1A       A0       1
                dataBANK0                            5B       5B        C       20       1
                bssBANK0                             40       40       1B       20       1
                bssCOMMON                            7D       7D        1       70       1
                stringtext19                        90C      90C        C     1000       0
                stringtext18                        900      900        C     1000       0
                stringtext17                        8F4      8F4        C     1000       0
                stringtext16                        8DB      8DB        D     1000       0
                stringtext15                        8CE      8CE        D     1000       0
                stringtext14                        8C1      8C1        D     1000       0
                stringtext13                        8B4      8B4        D     1000       0
                stringtext12                        8A6      8A6        E     1000       0
                stringtext11                        898      898        E     1000       0
                stringtext10                        889      889        F     1000       0
                stringtext9                         87A      87A        F     1000       0
                stringtext8                         86A      86A       10     1000       0
                stringtext7                         85A      85A       10     1000       0
                stringtext6                         84A      84A       10     1000       0
                stringtext5                         839      839       11     1000       0
                stringtext4                         828      828       11     1000       0
                stringtext3                         814      814       14     1000       0
                stringtext2                         800      800       14     1000       0
                nvBANK0                              67       67        8       20       1
                stringtext1                         8E8      8E8        C     1000       0
                idataBANK0                           2F       2F        C       5E       0

TOTAL           Name                               Link     Load   Length     Space
        CLASS   STACK          

        CLASS   CODE           
                end_init                              2        2        2         0
                cinit                               7E0      7E0       20         0
                reset_vec                             0        0        2         0
                text28                               49       49        F         0
                text27                                6        6        9         0
                text26                               58       58        F         0
                text25                               23       23        C         0
                text24                              FCF      FCF        6         0
                text23                              FD5      FD5        6         0
                text22                               67       67       10         0
                text21                               87       87       13         0
                text20                               9A       9A       14         0
                text19                               AE       AE       14         0
                text18                                F        F        9         0
                text17                              1F7      1F7       73         0
                text16                              156      156       2E         0
                text15                               C2       C2       15         0
                text14                               F0       F0       1D         0
                text13                              FDB      FDB        6         0
                text12                              FE1      FE1        6         0
                text11                              FE7      FE7        6         0
                text10                              10D      10D       22         0
                text9                                18       18        B         0
                text8                               FF9      FF9        7         0
                text7                               1BB      1BB       3C         0
                text6                                3B       3B        E         0
                text5                                77       77       10         0
                text4                                D7       D7       19         0
                text3                               184      184       37         0
                text2                               26A      26A      257         0
                text1                               12F      12F       27         0
                maintext                            4C1      4C1      31F         0
                clrtext                             FED      FED        6         0
                inittext                            FF3      FF3        6         0
                idataBANK0                           2F       2F        C         0

        CLASS   STRCODE        
                stringtext19                        90C      90C        C         0
                stringtext18                        900      900        C         0
                stringtext17                        8F4      8F4        C         0
                stringtext16                        8DB      8DB        D         0
                stringtext15                        8CE      8CE        D         0
                stringtext14                        8C1      8C1        D         0
                stringtext13                        8B4      8B4        D         0
                stringtext12                        8A6      8A6        E         0
                stringtext11                        898      898        E         0
                stringtext10                        889      889        F         0
                stringtext9                         87A      87A        F         0
                stringtext8                         86A      86A       10         0
                stringtext7                         85A      85A       10         0
                stringtext6                         84A      84A       10         0
                stringtext5                         839      839       11         0
                stringtext4                         828      828       11         0
                stringtext3                         814      814       14         0
                stringtext2                         800      800       14         0
                stringtext1                         8E8      8E8        C         0

        CLASS   STRING         

        CLASS   CONST          

        CLASS   ENTRY          

        CLASS   COMMON         
                cstackCOMMON                         70       70        D         1
                bssCOMMON                            7D       7D        1         1

        CLASS   BANK0          
                cstackBANK0                          20       20       20         1
                dataBANK0                            5B       5B        C         1
                bssBANK0                             40       40       1B         1
                nvBANK0                              67       67        8         1

        CLASS   BANK1          
                bssBANK1                             A0       A0       1A         1

        CLASS   BANK2          

        CLASS   BANK3          

        CLASS   BANK4          

        CLASS   BANK5          

        CLASS   BANK6          

        CLASS   BANK7          

        CLASS   BANK8          

        CLASS   BANK9          

        CLASS   BANK10         

        CLASS   BANK11         

        CLASS   BANK12         

        CLASS   BIGRAM         

        CLASS   RAM            

        CLASS   ABS1           
                abs_s1                               7E       7E        2         1

        CLASS   SFR0           

        CLASS   SFR1           

        CLASS   SFR2           

        CLASS   SFR3           

        CLASS   SFR4           

        CLASS   SFR5           

        CLASS   SFR6           

        CLASS   SFR7           

        CLASS   SFR8           

        CLASS   SFR9           

        CLASS   SFR10          

        CLASS   SFR11          

        CLASS   SFR12          

        CLASS   SFR13          

        CLASS   SFR14          

        CLASS   SFR15          

        CLASS   SFR16          

        CLASS   SFR17          

        CLASS   SFR18          

        CLASS   SFR19          

        CLASS   SFR20          

        CLASS   SFR21          

        CLASS   SFR22          

        CLASS   SFR23          

        CLASS   SFR24          

        CLASS   SFR25          

        CLASS   SFR26          

        CLASS   SFR27          

        CLASS   SFR28          

        CLASS   SFR29          

        CLASS   SFR30          

        CLASS   SFR31          

        CLASS   CONFIG         
                config                             8007     8007        3         4

        CLASS   IDLOC          

        CLASS   BANK31         

        CLASS   BANK30         

        CLASS   BANK29         

        CLASS   BANK28         

        CLASS   BANK27         

        CLASS   BANK26         

        CLASS   BANK25         

        CLASS   BANK24         

        CLASS   BANK23         

        CLASS   BANK22         

        CLASS   BANK21         

        CLASS   BANK20         

        CLASS   BANK19         

        CLASS   BANK18         

        CLASS   BANK17         

        CLASS   BANK16         

        CLASS   BANK15         

        CLASS   BANK14         

        CLASS   BANK13         

        CLASS   EEDATA         



SEGMENTS        Name                           Load    Length   Top    Selector   Space  Class     Delta

                text21                         000087  000013  00009A       10E       0  CODE        2
                text20                         00009A  000014  0000AE       134       0  CODE        2
                text5                          000077  000010  000087        EE       0  CODE        2
                text18                         00000F  000009  000018        1E       0  CODE        2
                text9                          000018  00000B  000023        30       0  CODE        2
                text27                         000006  000009  00000F         C       0  CODE        2
                inittext                       000FF3  000006  000FF9      1FE6       0  CODE        2
                text8                          000FF9  000007  001000      1FF2       0  CODE        2
                text25                         000023  00000C  00002F        46       0  CODE        2
                text26                         000058  00000F  000067        B0       0  CODE        2
                text22                         000067  000010  000077        CE       0  CODE        2
                text28                         000049  00000F  000058        92       0  CODE        2
                idataBANK0                     00002F  00000C  00003B        5E       0  CODE        2
                text6                          00003B  00000E  000049        76       0  CODE        2
                text15                         0000C2  000015  0000D7       184       0  CODE        2
                reset_vec                      000000  000004  000004         0       0  CODE        2
                text4                          0000D7  000019  0000F0       1AE       0  CODE        2
                text19                         0000AE  000014  0000C2       15C       0  CODE        2
                stringtext2                    000800  000118  000918      1000       0  STRCODE     2
                clrtext                        000FED  000006  000FF3      1FDA       0  CODE        2
                text12                         000FE1  000006  000FE7      1FC2       0  CODE        2
                text13                         000FDB  000006  000FE1      1FB6       0  CODE        2
                text24                         000FCF  000006  000FD5      1F9E       0  CODE        2
                text23                         000FD5  000006  000FDB      1FAA       0  CODE        2
                text11                         000FE7  000006  000FED      1FCE       0  CODE        2
                text14                         0000F0  00001D  00010D       1E0       0  CODE        2
                bssBANK1                       0000A0  00001A  0000BA        A0       1  BANK1       1
                cinit                          0007E0  000020  000800       FC0       0  CODE        2
                cstackBANK0                    000020  00004F  00006F        20       1  BANK0       1
                cstackCOMMON                   000070  00000E  00007E        70       1  COMMON      1
                text16                         000156  00002E  000184       2AC       0  CODE        2
                text3                          000184  000037  0001BB       308       0  CODE        2
                text7                          0001BB  00003C  0001F7       376       0  CODE        2
                text10                         00010D  000022  00012F       21A       0  CODE        2
                text1                          00012F  000027  000156       25E       0  CODE        2
                text17                         0001F7  000073  00026A       3EE       0  CODE        2
                text2                          00026A  000257  0004C1       4D4       0  CODE        2
                maintext                       0004C1  00031F  0007E0       982       0  CODE        2


UNUSED ADDRESS RANGES

        Name                Unused          Largest block    Delta
        BANK0            0006F-0006F               1           1
        BANK1            000BA-000EF              36           1
        BANK10           00520-0056F              50           1
        BANK11           005A0-005EF              50           1
        BANK12           00620-0064F              30           1
        BANK2            00120-0016F              50           1
        BANK3            001A0-001EF              50           1
        BANK4            00220-0026F              50           1
        BANK5            002A0-002EF              50           1
        BANK6            00320-0036F              50           1
        BANK7            003A0-003EF              50           1
        BANK8            00420-0046F              50           1
        BANK9            004A0-004EF              50           1
        BIGRAM           02000-023EF             3F0           1
        CODE             00004-00005               2           2
                         00918-00FCE             6B7
                         01000-01FFF             800
        CONST            00004-00005               2           2
                         00918-00FCE             100
                         01000-01FFF             100
        ENTRY            00004-00005               2           2
                         00918-00FCE             100
                         01000-01FFF             100
        IDLOC            08000-08003               4           2
        RAM              0006F-0006F               1           1
                         000BA-000EF              36
                         00120-0016F              50
                         001A0-001EF              50
                         00220-0026F              50
                         002A0-002EF              50
                         00320-0036F              50
                         003A0-003EF              50
                         00420-0046F              50
                         004A0-004EF              50
                         00520-0056F              50
                         005A0-005EF              50
                         00620-0064F              30
        SFR0             00000-0001F              20           1
        SFR1             00080-0009F              20           1
        SFR10            00500-0051F              20           1
        SFR11            00580-0059F              20           1
        SFR12            00600-0061F              20           1
        SFR13            00680-006EF              70           1
        SFR14            00700-0076F              70           1
        SFR15            00780-007EF              70           1
        SFR16            00800-0086F              70           1
        SFR17            00880-008EF              70           1
        SFR18            00900-0096F              70           1
        SFR19            00980-009EF              70           1
        SFR2             00100-0011F              20           1
        SFR20            00A00-00A6F              70           1
        SFR21            00A80-00AEF              70           1
        SFR22            00B00-00B6F              70           1
        SFR23            00B80-00BEF              70           1
        SFR24            00C00-00C6F              70           1
        SFR25            00C80-00CEF              70           1
        SFR26            00D00-00D6F              70           1
        SFR27            00D80-00DEF              70           1
        SFR28            00E00-00E6F              70           1
        SFR29            00E80-00EEF              70           1
        SFR3             00180-0019F              20           1
        SFR30            00F00-00F6F              70           1
        SFR31            00F80-00FEF              70           1
        SFR4             00200-0021F              20           1
        SFR5             00280-0029F              20           1
        SFR6             00300-0031F              20           1
        SFR7             00380-0039F              20           1
        SFR8             00400-0041F              20           1
        SFR9             00480-0049F              20           1
        STACK            0206A-023EF             386           1
        STRCODE          00004-00005               2           2
                         00918-00FCE             6B7
                         01000-01FFF            1000
        STRING           00004-00005               2           2
                         00918-00FCE             100
                         01000-01FFF             100

                                  Symbol Table

?_strlen                                       cstackCOMMON 00070
EUSART_SetErrorHandler@interruptHandler        cstackCOMMON 00070
EUSART_SetFramingErrorHandler@interruptHandler cstackCOMMON 00070
EUSART_SetOverrunErrorHandler@interruptHandler cstackCOMMON 00070
EUSART_Write@txData                            cstackCOMMON 00070
I2C_Master_Write@data                          cstackCOMMON 00070
IO_Expander_Write@Data                         cstackCOMMON 00071
LCD_CMD@CMD                                    cstackCOMMON 00075
LCD_Init@I2C_Add                               cstackCOMMON 00077
LCD_Set_Cursor@COL                             cstackCOMMON 00076
LCD_Set_Cursor@ROW                             cstackCOMMON 00079
LCD_Write_4Bit@Nibble                          cstackCOMMON 00073
LCD_Write_Char@Data                            cstackCOMMON 00075
LCD_Write_String@Str                           cstackCOMMON 00076
LCD_Write_String@i                             cstackCOMMON 00079
_ANSELA                                        (abs)        0018C
_ANSELB                                        (abs)        0018D
_ANSELC                                        (abs)        0018E
_BAUD1CON                                      (abs)        0019F
_BORCON                                        (abs)        00116
_BackLight_State                               dataBANK0    00065
_Code                                          bssBANK0     00052
_EUSART_DefaultErrorHandler                    (abs)        00000
_EUSART_DefaultFramingErrorHandler             (abs)        00000
_EUSART_DefaultOverrunErrorHandler             (abs)        00000
_EUSART_ErrorHandler                           nvBANK0      00067
_EUSART_FramingErrorHandler                    nvBANK0      0006B
_EUSART_Initialize                             text10       0010D
_EUSART_OverrunErrorHandler                    nvBANK0      00069
_EUSART_Read                                   text28       00049
_EUSART_SetErrorHandler                        text13       00FDB
_EUSART_SetFramingErrorHandler                 text12       00FE1
_EUSART_SetOverrunErrorHandler                 text11       00FE7
_EUSART_Write                                  text27       00006
_EUSART_is_rx_ready                            (abs)        00000
_EUSART_is_tx_done                             (abs)        00000
_EUSART_is_tx_ready                            text26       00058
_EUSART_is_tx_ready$520                        cstackCOMMON 00070
_I2C_Master_Init                               text9        00018
_I2C_Master_Start                              text24       00FCF
_I2C_Master_Stop                               text23       00FD5
_I2C_Master_Wait                               text25       00023
_I2C_Master_Write                              text22       00067
_ID                                            bssBANK0     00050
_INLVLA                                        (abs)        0038C
_INLVLB                                        (abs)        0038D
_INLVLC                                        (abs)        0038E
_INTCONbits                                    (abs)        0000B
_IO_Expander_Write                             text21       00087
_Key                                           dataBANK0    00066
_LATA                                          (abs)        0010C
_LATAbits                                      (abs)        0010C
_LATB                                          (abs)        0010D
_LATC                                          (abs)        0010E
_LATCbits                                      (abs)        0010E
_LCD_CMD                                       text19       000AE
_LCD_Clear                                     text18       0000F
_LCD_Init                                      text17       001F7
_LCD_Set_Cursor                                text16       00156
_LCD_Write_4Bit                                text20       0009A
_LCD_Write_Char                                text15       000C2
_LCD_Write_String                              text14       000F0
_ODCONA                                        (abs)        0028C
_ODCONB                                        (abs)        0028D
_ODCONC                                        (abs)        0028E
_OPTION_REG                                    (abs)        00095
_OPTION_REGbits                                (abs)        00095
_OSCCON                                        (abs)        00099
_OSCILLATOR_Initialize                         text8        00FF9
_OSCTUNE                                       (abs)        00098
_PIN_MANAGER_Initialize                        text7        001BB
_PIR1bits                                      (abs)        00010
_PORTBbits                                     (abs)        0000D
_PORTCbits                                     (abs)        0000E
_RC1REG                                        (abs)        00199
_RC1STA                                        (abs)        0019D
_RC1STAbits                                    (abs)        0019D
_RC3PPS                                        (abs)        00EA3
_RC4PPS                                        (abs)        00EA4
_RC6PPS                                        (abs)        00EA6
_RS                                            bssCOMMON    0007D
_RXPPS                                         (abs)        00E24
_SLRCONA                                       (abs)        0030C
_SLRCONB                                       (abs)        0030D
_SLRCONC                                       (abs)        0030E
_SPBRGH                                        (abs)        0019C
_SPBRGL                                        (abs)        0019B
_SSP1ADD                                       (abs)        00212
_SSP1BUF                                       (abs)        00211
_SSP1CON1                                      (abs)        00215
_SSP1CON2                                      (abs)        00216
_SSP1CON2bits                                  (abs)        00216
_SSP1STAT                                      (abs)        00214
_SSPCLKPPS                                     (abs)        00E20
_SSPDATPPS                                     (abs)        00E21
_SYSTEM_Initialize                             text5        00077
_TMR0                                          (abs)        00015
_TMR0_Initialize                               text6        0003B
_TRISA                                         (abs)        0008C
_TRISB                                         (abs)        0008D
_TRISC                                         (abs)        0008E
_TRISC3                                        (abs)        00473
_TRISC4                                        (abs)        00474
_TX1REG                                        (abs)        0019A
_TX1STA                                        (abs)        0019E
_TX1STAbits                                    (abs)        0019E
_Val                                           bssBANK0     00059
_Val_mod                                       bssBANK0     00054
_Val_mods                                      bssBANK1     000A0
_WPUA                                          (abs)        0020C
_WPUB                                          (abs)        0020D
_WPUC                                          (abs)        0020E
__Habs1                                        abs1         00000
__Hbank0                                       bank0        00000
__Hbank1                                       bank1        00000
__Hbank10                                      bank10       00000
__Hbank11                                      bank11       00000
__Hbank12                                      bank12       00000
__Hbank13                                      bank13       00000
__Hbank14                                      bank14       00000
__Hbank15                                      bank15       00000
__Hbank16                                      bank16       00000
__Hbank17                                      bank17       00000
__Hbank18                                      bank18       00000
__Hbank19                                      bank19       00000
__Hbank2                                       bank2        00000
__Hbank20                                      bank20       00000
__Hbank21                                      bank21       00000
__Hbank22                                      bank22       00000
__Hbank23                                      bank23       00000
__Hbank24                                      bank24       00000
__Hbank25                                      bank25       00000
__Hbank26                                      bank26       00000
__Hbank27                                      bank27       00000
__Hbank28                                      bank28       00000
__Hbank29                                      bank29       00000
__Hbank3                                       bank3        00000
__Hbank30                                      bank30       00000
__Hbank31                                      bank31       00000
__Hbank4                                       bank4        00000
__Hbank5                                       bank5        00000
__Hbank6                                       bank6        00000
__Hbank7                                       bank7        00000
__Hbank8                                       bank8        00000
__Hbank9                                       bank9        00000
__Hbigram                                      bigram       00000
__HbssBANK0                                    bssBANK0     00000
__HbssBANK1                                    bssBANK1     00000
__HbssCOMMON                                   bssCOMMON    00000
__Hcinit                                       cinit        00800
__Hclrtext                                     clrtext      00000
__Hcode                                        code         00000
__Hcommon                                      common       00000
__Hconfig                                      config       0800A
__HcstackBANK0                                 cstackBANK0  00000
__HcstackCOMMON                                cstackCOMMON 00000
__HdataBANK0                                   dataBANK0    00000
__Heeprom_data                                 eeprom_data  00000
__Hend_init                                    end_init     00004
__Hfunctab                                     functab      00000
__HidataBANK0                                  idataBANK0   00000
__Hinit                                        init         00002
__Hinittext                                    inittext     00000
__Hintentry                                    intentry     00002
__Hmaintext                                    maintext     00000
__HnvBANK0                                     nvBANK0      00000
__Hpowerup                                     powerup      00000
__Hram                                         ram          00000
__Hreset_vec                                   reset_vec    00002
__Hsfr0                                        sfr0         00000
__Hsfr1                                        sfr1         00000
__Hsfr10                                       sfr10        00000
__Hsfr11                                       sfr11        00000
__Hsfr12                                       sfr12        00000
__Hsfr13                                       sfr13        00000
__Hsfr14                                       sfr14        00000
__Hsfr15                                       sfr15        00000
__Hsfr16                                       sfr16        00000
__Hsfr17                                       sfr17        00000
__Hsfr18                                       sfr18        00000
__Hsfr19                                       sfr19        00000
__Hsfr2                                        sfr2         00000
__Hsfr20                                       sfr20        00000
__Hsfr21                                       sfr21        00000
__Hsfr22                                       sfr22        00000
__Hsfr23                                       sfr23        00000
__Hsfr24                                       sfr24        00000
__Hsfr25                                       sfr25        00000
__Hsfr26                                       sfr26        00000
__Hsfr27                                       sfr27        00000
__Hsfr28                                       sfr28        00000
__Hsfr29                                       sfr29        00000
__Hsfr3                                        sfr3         00000
__Hsfr30                                       sfr30        00000
__Hsfr31                                       sfr31        00000
__Hsfr4                                        sfr4         00000
__Hsfr5                                        sfr5         00000
__Hsfr6                                        sfr6         00000
__Hsfr7                                        sfr7         00000
__Hsfr8                                        sfr8         00000
__Hsfr9                                        sfr9         00000
__Hspace_0                                     (abs)        01000
__Hspace_1                                     (abs)        000BA
__Hspace_2                                     (abs)        00000
__Hspace_3                                     (abs)        00000
__Hspace_4                                     (abs)        10011
__Hstack                                       stack        00000
__Hstrings                                     strings      00000
__Hstringtext1                                 stringtext1  00000
__Hstringtext10                                stringtext10 00000
__Hstringtext11                                stringtext11 00000
__Hstringtext12                                stringtext12 00000
__Hstringtext13                                stringtext13 00000
__Hstringtext14                                stringtext14 00000
__Hstringtext15                                stringtext15 00000
__Hstringtext16                                stringtext16 00000
__Hstringtext17                                stringtext17 00000
__Hstringtext18                                stringtext18 00000
__Hstringtext19                                stringtext19 00000
__Hstringtext2                                 stringtext2  00000
__Hstringtext20                                stringtext20 00000
__Hstringtext3                                 stringtext3  00000
__Hstringtext4                                 stringtext4  00000
__Hstringtext5                                 stringtext5  00000
__Hstringtext6                                 stringtext6  00000
__Hstringtext7                                 stringtext7  00000
__Hstringtext8                                 stringtext8  00000
__Hstringtext9                                 stringtext9  00000
__Htext                                        text         00000
__Labs1                                        abs1         00000
__Lbank0                                       bank0        00000
__Lbank1                                       bank1        00000
__Lbank10                                      bank10       00000
__Lbank11                                      bank11       00000
__Lbank12                                      bank12       00000
__Lbank13                                      bank13       00000
__Lbank14                                      bank14       00000
__Lbank15                                      bank15       00000
__Lbank16                                      bank16       00000
__Lbank17                                      bank17       00000
__Lbank18                                      bank18       00000
__Lbank19                                      bank19       00000
__Lbank2                                       bank2        00000
__Lbank20                                      bank20       00000
__Lbank21                                      bank21       00000
__Lbank22                                      bank22       00000
__Lbank23                                      bank23       00000
__Lbank24                                      bank24       00000
__Lbank25                                      bank25       00000
__Lbank26                                      bank26       00000
__Lbank27                                      bank27       00000
__Lbank28                                      bank28       00000
__Lbank29                                      bank29       00000
__Lbank3                                       bank3        00000
__Lbank30                                      bank30       00000
__Lbank31                                      bank31       00000
__Lbank4                                       bank4        00000
__Lbank5                                       bank5        00000
__Lbank6                                       bank6        00000
__Lbank7                                       bank7        00000
__Lbank8                                       bank8        00000
__Lbank9                                       bank9        00000
__Lbigram                                      bigram       00000
__LbssBANK0                                    bssBANK0     00000
__LbssBANK1                                    bssBANK1     00000
__LbssCOMMON                                   bssCOMMON    00000
__Lcinit                                       cinit        007E0
__Lclrtext                                     clrtext      00000
__Lcode                                        code         00000
__Lcommon                                      common       00000
__Lconfig                                      config       00000
__LcstackBANK0                                 cstackBANK0  00000
__LcstackCOMMON                                cstackCOMMON 00000
__LdataBANK0                                   dataBANK0    00000
__Leeprom_data                                 eeprom_data  00000
__Lend_init                                    end_init     00002
__Lfunctab                                     functab      00000
__LidataBANK0                                  idataBANK0   00000
__Linit                                        init         00002
__Linittext                                    inittext     00000
__Lintentry                                    intentry     00002
__Lmaintext                                    maintext     00000
__LnvBANK0                                     nvBANK0      00000
__Lpowerup                                     powerup      00000
__Lram                                         ram          00000
__Lreset_vec                                   reset_vec    00000
__Lsfr0                                        sfr0         00000
__Lsfr1                                        sfr1         00000
__Lsfr10                                       sfr10        00000
__Lsfr11                                       sfr11        00000
__Lsfr12                                       sfr12        00000
__Lsfr13                                       sfr13        00000
__Lsfr14                                       sfr14        00000
__Lsfr15                                       sfr15        00000
__Lsfr16                                       sfr16        00000
__Lsfr17                                       sfr17        00000
__Lsfr18                                       sfr18        00000
__Lsfr19                                       sfr19        00000
__Lsfr2                                        sfr2         00000
__Lsfr20                                       sfr20        00000
__Lsfr21                                       sfr21        00000
__Lsfr22                                       sfr22        00000
__Lsfr23                                       sfr23        00000
__Lsfr24                                       sfr24        00000
__Lsfr25                                       sfr25        00000
__Lsfr26                                       sfr26        00000
__Lsfr27                                       sfr27        00000
__Lsfr28                                       sfr28        00000
__Lsfr29                                       sfr29        00000
__Lsfr3                                        sfr3         00000
__Lsfr30                                       sfr30        00000
__Lsfr31                                       sfr31        00000
__Lsfr4                                        sfr4         00000
__Lsfr5                                        sfr5         00000
__Lsfr6                                        sfr6         00000
__Lsfr7                                        sfr7         00000
__Lsfr8                                        sfr8         00000
__Lsfr9                                        sfr9         00000
__Lspace_0                                     (abs)        00000
__Lspace_1                                     (abs)        00000
__Lspace_2                                     (abs)        00000
__Lspace_3                                     (abs)        00000
__Lspace_4                                     (abs)        00000
__Lstack                                       stack        00000
__Lstrings                                     strings      00000
__Lstringtext1                                 stringtext1  00000
__Lstringtext10                                stringtext10 00000
__Lstringtext11                                stringtext11 00000
__Lstringtext12                                stringtext12 00000
__Lstringtext13                                stringtext13 00000
__Lstringtext14                                stringtext14 00000
__Lstringtext15                                stringtext15 00000
__Lstringtext16                                stringtext16 00000
__Lstringtext17                                stringtext17 00000
__Lstringtext18                                stringtext18 00000
__Lstringtext19                                stringtext19 00000
__Lstringtext2                                 stringtext2  00000
__Lstringtext20                                stringtext20 00000
__Lstringtext3                                 stringtext3  00000
__Lstringtext4                                 stringtext4  00000
__Lstringtext5                                 stringtext5  00000
__Lstringtext6                                 stringtext6  00000
__Lstringtext7                                 stringtext7  00000
__Lstringtext8                                 stringtext8  00000
__Lstringtext9                                 stringtext9  00000
__Ltext                                        text         00000
__S0                                           (abs)        01000
__S1                                           (abs)        000BA
__S2                                           (abs)        00000
___int_sp                                      stack        00000
___latbits                                     (abs)        00002
___sp                                          stack        00000
___stackhi                                     (abs)        023EF
___stacklo                                     (abs)        0206A
__end_of_EUSART_Initialize                     text10       0012F
__end_of_EUSART_Read                           text28       00058
__end_of_EUSART_SetErrorHandler                text13       00FE1
__end_of_EUSART_SetFramingErrorHandler         text12       00FE7
__end_of_EUSART_SetOverrunErrorHandler         text11       00FED
__end_of_EUSART_Write                          text27       0000F
__end_of_EUSART_is_tx_ready                    text26       00067
__end_of_I2C_Master_Init                       text9        00023
__end_of_I2C_Master_Start                      text24       00FD5
__end_of_I2C_Master_Stop                       text23       00FDB
__end_of_I2C_Master_Wait                       text25       0002F
__end_of_I2C_Master_Write                      text22       00077
__end_of_IO_Expander_Write                     text21       0009A
__end_of_LCD_CMD                               text19       000C2
__end_of_LCD_Clear                             text18       00018
__end_of_LCD_Init                              text17       0026A
__end_of_LCD_Set_Cursor                        text16       00184
__end_of_LCD_Write_4Bit                        text20       000AE
__end_of_LCD_Write_Char                        text15       000D7
__end_of_LCD_Write_String                      text14       0010D
__end_of_OSCILLATOR_Initialize                 text8        01000
__end_of_PIN_MANAGER_Initialize                text7        001F7
__end_of_SYSTEM_Initialize                     text5        00087
__end_of_TMR0_Initialize                       text6        00049
__end_of__initialization                       cinit        007FD
__end_of_keypad_scanner                        text2        004C1
__end_of_main                                  maintext     007E0
__end_of_strlen                                text4        000F0
__end_of_strncat                               text3        001BB
__end_of_switch_press_scan                     text1        00156
__end_of_uart                                  stringtext1  008F4
__initialization                               cinit        007E0
__pbssBANK0                                    bssBANK0     00040
__pbssBANK1                                    bssBANK1     000A0
__pbssCOMMON                                   bssCOMMON    0007D
__pcstackBANK0                                 cstackBANK0  00020
__pcstackCOMMON                                cstackCOMMON 00070
__pdataBANK0                                   dataBANK0    0005B
__pidataBANK0                                  idataBANK0   0002F
__pmaintext                                    maintext     004C1
__pnvBANK0                                     nvBANK0      00067
__pstringtext1                                 stringtext1  008E8
__pstringtext10                                stringtext10 00889
__pstringtext11                                stringtext11 00898
__pstringtext12                                stringtext12 008A6
__pstringtext13                                stringtext13 008B4
__pstringtext14                                stringtext14 008C1
__pstringtext15                                stringtext15 008CE
__pstringtext16                                stringtext16 008DB
__pstringtext17                                stringtext17 008F4
__pstringtext18                                stringtext18 00900
__pstringtext19                                stringtext19 0090C
__pstringtext2                                 stringtext2  00800
__pstringtext20                                stringtext20 00000
__pstringtext3                                 stringtext3  00814
__pstringtext4                                 stringtext4  00828
__pstringtext5                                 stringtext5  00839
__pstringtext6                                 stringtext6  0084A
__pstringtext7                                 stringtext7  0085A
__pstringtext8                                 stringtext8  0086A
__pstringtext9                                 stringtext9  0087A
__ptext1                                       text1        0012F
__ptext10                                      text10       0010D
__ptext11                                      text11       00FE7
__ptext12                                      text12       00FE1
__ptext13                                      text13       00FDB
__ptext14                                      text14       000F0
__ptext15                                      text15       000C2
__ptext16                                      text16       00156
__ptext17                                      text17       001F7
__ptext18                                      text18       0000F
__ptext19                                      text19       000AE
__ptext2                                       text2        0026A
__ptext20                                      text20       0009A
__ptext21                                      text21       00087
__ptext22                                      text22       00067
__ptext23                                      text23       00FD5
__ptext24                                      text24       00FCF
__ptext25                                      text25       00023
__ptext26                                      text26       00058
__ptext27                                      text27       00006
__ptext28                                      text28       00049
__ptext3                                       text3        00184
__ptext4                                       text4        000D7
__ptext5                                       text5        00077
__ptext6                                       text6        0003B
__ptext7                                       text7        001BB
__ptext8                                       text8        00FF9
__ptext9                                       text9        00018
__size_of_EUSART_Initialize                    (abs)        00000
__size_of_EUSART_Read                          (abs)        00000
__size_of_EUSART_SetErrorHandler               (abs)        00000
__size_of_EUSART_SetFramingErrorHandler        (abs)        00000
__size_of_EUSART_SetOverrunErrorHandler        (abs)        00000
__size_of_EUSART_Write                         (abs)        00000
__size_of_EUSART_is_tx_ready                   (abs)        00000
__size_of_I2C_Master_Init                      (abs)        00000
__size_of_I2C_Master_Start                     (abs)        00000
__size_of_I2C_Master_Stop                      (abs)        00000
__size_of_I2C_Master_Wait                      (abs)        00000
__size_of_I2C_Master_Write                     (abs)        00000
__size_of_IO_Expander_Write                    (abs)        00000
__size_of_LCD_CMD                              (abs)        00000
__size_of_LCD_Clear                            (abs)        00000
__size_of_LCD_Init                             (abs)        00000
__size_of_LCD_Set_Cursor                       (abs)        00000
__size_of_LCD_Write_4Bit                       (abs)        00000
__size_of_LCD_Write_Char                       (abs)        00000
__size_of_LCD_Write_String                     (abs)        00000
__size_of_OSCILLATOR_Initialize                (abs)        00000
__size_of_PIN_MANAGER_Initialize               (abs)        00000
__size_of_SYSTEM_Initialize                    (abs)        00000
__size_of_TMR0_Initialize                      (abs)        00000
__size_of_keypad_scanner                       (abs)        00000
__size_of_main                                 (abs)        00000
__size_of_strlen                               (abs)        00000
__size_of_strncat                              (abs)        00000
__size_of_switch_press_scan                    (abs)        00000
_code                                          bssBANK0     00057
_counter                                       dataBANK0    00063
_eusartRxLastError                             bssBANK0     00058
_i2c_add                                       nvBANK0      0006E
_keypad_scanner                                text2        0026A
_main                                          maintext     004C1
_strlen                                        text4        000D7
_strncat                                       text3        00184
_switch_press_scan                             text1        0012F
_timer0ReloadVal                               nvBANK0      0006D
btemp                                          (abs)        0007E
clear_ram0                                     clrtext      00FED
end_of_initialization                          cinit        007FD
init_ram                                       inittext     00FF3
intlevel0                                      functab      00000
intlevel1                                      functab      00000
intlevel2                                      functab      00000
intlevel3                                      functab      00000
intlevel4                                      functab      00000
intlevel5                                      functab      00000
keypad_scanner@key_o                           cstackCOMMON 00072
keypad_scanner@val_o                           cstackCOMMON 00070
main@F9894                                     dataBANK0    0005B
main@dispCode                                  cstackBANK0  00028
main@dispmsg                                   cstackBANK0  0003F
main@forcesubmit                               cstackBANK0  0003A
main@i                                         cstackBANK0  0003B
main@i_659                                     cstackBANK0  0003D
main@msg                                       cstackBANK0  00020
main@size                                      cstackBANK0  00038
reset_vec                                      reset_vec    00000
start                                          init         00002
start_initialization                           cinit        007E0
strlen@a                                       cstackCOMMON 00073
strlen@s                                       cstackCOMMON 00074
strncat@d                                      cstackCOMMON 00079
strncat@n                                      cstackCOMMON 00076
strncat@s                                      cstackCOMMON 00075
switch_press_scan@key                          cstackCOMMON 00078
switch_press_scan@key_o                        cstackCOMMON 00075
switch_press_scan@val                          cstackCOMMON 00076
switch_press_scan@val_o                        cstackCOMMON 00073
wtemp0                                         (abs)        0007E


MODULE INFORMATION

Module		Function		Class		Link	Load	Size
/Applications/microchip/xc8/v2.32/pic/sources/c99/common/strncat.c
		_strncat       		CODE           	0184	0000	55

/Applications/microchip/xc8/v2.32/pic/sources/c99/common/strncat.c estimated size: 55

mcc_generated_files/tmr0.c
		_TMR0_Initialize		CODE           	003B	0000	14

mcc_generated_files/tmr0.c estimated size: 14

mcc_generated_files/pin_manager.c
		_PIN_MANAGER_Initialize		CODE           	01BB	0000	60

mcc_generated_files/pin_manager.c estimated size: 60

shared
		_uart          		STRCODE        	0000	0000	0
		__initialization		CODE           	07E0	0000	29

shared estimated size: 29

mcc_generated_files/mcc.c
		_OSCILLATOR_Initialize		CODE           	0FF9	0000	7
		_SYSTEM_Initialize		CODE           	0077	0000	16

mcc_generated_files/mcc.c estimated size: 23

mcc_generated_files/I2C_LCD.c
		_LCD_Init      		CODE           	01F7	0000	115
		_LCD_Write_4Bit		CODE           	009A	0000	20
		_LCD_Write_Char		CODE           	00C2	0000	21
		_LCD_CMD       		CODE           	00AE	0000	20
		_I2C_Master_Wait		CODE           	0023	0000	12
		_I2C_Master_Init		CODE           	0018	0000	11
		_I2C_Master_Stop		CODE           	0FD5	0000	6
		_LCD_Set_Cursor		CODE           	0156	0000	46
		_LCD_Clear     		CODE           	000F	0000	9
		_IO_Expander_Write		CODE           	0087	0000	19
		_I2C_Master_Write		CODE           	0067	0000	16
		_I2C_Master_Start		CODE           	0FCF	0000	6
		_LCD_Write_String		CODE           	00F0	0000	29

mcc_generated_files/I2C_LCD.c estimated size: 330

mcc_generated_files/keypad.c
		_switch_press_scan		CODE           	012F	0000	39
		_keypad_scanner		CODE           	026A	0000	599

mcc_generated_files/keypad.c estimated size: 638

/Applications/microchip/xc8/v2.32/pic/sources/c99/common/strlen.c
		_strlen        		CODE           	00D7	0000	25

/Applications/microchip/xc8/v2.32/pic/sources/c99/common/strlen.c estimated size: 25

mcc_generated_files/eusart.c
		_EUSART_Read   		CODE           	0049	0000	15
		_EUSART_Write  		CODE           	0006	0000	9
		_EUSART_Initialize		CODE           	010D	0000	34
		_EUSART_SetFramingErrorHandler		CODE           	0FE1	0000	6
		_EUSART_SetErrorHandler		CODE           	0FDB	0000	6
		_EUSART_SetOverrunErrorHandler		CODE           	0FE7	0000	6
		_EUSART_is_tx_ready		CODE           	0058	0000	15

mcc_generated_files/eusart.c estimated size: 91

main.c
		_main          		CODE           	04C1	0000	799

main.c estimated size: 799

