Microchip MPLAB XC8 Compiler V2.32

Linker command line:

-W-3 --edf=/Applications/microchip/xc8/v2.32/pic/dat/en_msgs.txt -cn \
  -h+dist/default/production/MCU-C-CodingMicroShip.production.sym \
  --cmf=dist/default/production/MCU-C-CodingMicroShip.production.cmf -z \
  -Q16F1619 -o/tmp/xcdkm5odP --defsym=__MPLAB_BUILD=1 \
  -Mdist/default/production/MCU-C-CodingMicroShip.production.map -E1 \
  -ver=XC8 Compiler --acfsm=1493 -ASTACK=02016h-023EFh -pstack=STACK \
  -ACODE=00h-07FFhx4 -ASTRCODE=00h-01FFFh -ASTRING=00h-0FFhx32 \
  -ACONST=00h-0FFhx32 -AENTRY=00h-0FFhx32 -ACOMMON=070h-07Fh \
  -ABANK0=020h-06Fh -ABANK1=0A0h-0EFh -ABANK2=0120h-016Fh \
  -ABANK3=01A0h-01EFh -ABANK4=0220h-026Fh -ABANK5=02A0h-02EFh \
  -ABANK6=0320h-036Fh -ABANK7=03A0h-03EFh -ABANK8=0420h-046Fh \
  -ABANK9=04A0h-04EFh -ABANK10=0520h-056Fh -ABANK11=05A0h-05EFh \
  -ABANK12=0620h-064Fh -ABIGRAM=02000h-023EFh \
  -ARAM=020h-06Fh,0A0h-0EFh,0120h-016Fh,01A0h-01EFh,0220h-026Fh,02A0h-02EFh,0320h-036Fh,03A0h-03EFh,0420h-046Fh,04A0h-04EFh,0520h-056Fh,05A0h-05EFh,0620h-064Fh \
  -AABS1=020h-07Fh,0A0h-0EFh,0120h-016Fh,01A0h-01EFh,0220h-026Fh,02A0h-02EFh,0320h-036Fh,03A0h-03EFh,0420h-046Fh,04A0h-04EFh,0520h-056Fh,05A0h-05EFh,0620h-064Fh \
  -ASFR0=00h-01Fh -ASFR1=080h-09Fh -ASFR2=0100h-011Fh -ASFR3=0180h-019Fh \
  -ASFR4=0200h-021Fh -ASFR5=0280h-029Fh -ASFR6=0300h-031Fh \
  -ASFR7=0380h-039Fh -ASFR8=0400h-041Fh -ASFR9=0480h-049Fh \
  -ASFR10=0500h-051Fh -ASFR11=0580h-059Fh -ASFR12=0600h-061Fh \
  -ASFR13=0680h-06EFh -ASFR14=0700h-076Fh -ASFR15=0780h-07EFh \
  -ASFR16=0800h-086Fh -ASFR17=0880h-08EFh -ASFR18=0900h-096Fh \
  -ASFR19=0980h-09EFh -ASFR20=0A00h-0A6Fh -ASFR21=0A80h-0AEFh \
  -ASFR22=0B00h-0B6Fh -ASFR23=0B80h-0BEFh -ASFR24=0C00h-0C6Fh \
  -ASFR25=0C80h-0CEFh -ASFR26=0D00h-0D6Fh -ASFR27=0D80h-0DEFh \
  -ASFR28=0E00h-0E6Fh -ASFR29=0E80h-0EEFh -ASFR30=0F00h-0F6Fh \
  -ASFR31=0F80h-0FEFh -ACONFIG=08007h-08009h -DCONFIG=2 \
  -AIDLOC=08000h-08003h -DIDLOC=2 -DCODE=2 -DSTRCODE=2 -DSTRING=2 -DCONST=2 \
  -DENTRY=2 -preset_vec=00h,intentry,init,end_init -ppowerup=CODE \
  -pcinit=CODE -pfunctab=ENTRY -k /tmp/xcxc6ul8N.o \
  dist/default/production/MCU-C-CodingMicroShip.production.o 

Object code version is 3.11

Machine type is 16F1619



                Name                               Link     Load   Length Selector   Space Scale
/tmp/xcxc6ul8N.o
                end_init                              2        2        2        0       0
                reset_vec                             0        0        2        0       0
                config                             8007     8007        3        0       4
dist/default/production/MCU-C-CodingMicroShip.production.o
                cinit                               7E2      7E2       1E      FC4       0
                config                             8007     8007        3        0       4
                text26                              148      148        F      290       0
                text25                              111      111        9      222       0
                text24                              157      157        F      2AE       0
                text23                              12E      12E        C      25C       0
                text22                               EC       EC        6      1D8       0
                text21                               F2       F2        6      1E4       0
                text20                              166      166       10      2CC       0
                text19                              186      186       13      30C       0
                text18                              199      199       15      332       0
                text17                              1AE      1AE       15      35C       0
                text16                              11A      11A        9      234       0
                text15                              2A9      2A9       73      552       0
                text14                              23F      23F       2E      47E       0
                text13                              1C3      1C3       16      386       0
                text12                              1D9      1D9       1D      3B2       0
                text11                               F8       F8        6      1F0       0
                text10                               FE       FE        6      1FC       0
                text9                               104      104        6      208       0
                text8                               1F6      1F6       22      3EC       0
                text7                               123      123        B      246       0
                text6                               10A      10A        7      214       0
                text5                               26D      26D       3C      4DA       0
                text4                               13A      13A        E      274       0
                text3                               176      176       10      2EC       0
                text2                               31C      31C      257      638       0
                text1                               218      218       27      430       0
                maintext                            573      573      26F      AE6       0
                cstackCOMMON                         70       70        D       70       1
                dataBANK0                            33       33        3       20       1
                bssBANK0                             20       20        B       20       1
                dataCOMMON                           7D       7D        1       70       1
                stringtext22                        937      937        C     1000       0
                stringtext21                        92B      92B        C     1000       0
                stringtext20                        91F      91F        C     1000       0
                stringtext19                        906      906        D     1000       0
                stringtext18                        8F9      8F9        D     1000       0
                stringtext17                        8EC      8EC        D     1000       0
                stringtext16                        8DF      8DF        D     1000       0
                stringtext15                        8D1      8D1        E     1000       0
                stringtext14                        8C3      8C3        E     1000       0
                stringtext13                        8B4      8B4        F     1000       0
                stringtext12                        8A5      8A5        F     1000       0
                stringtext11                        896      896        F     1000       0
                stringtext10                        887      887        F     1000       0
                stringtext9                         877      877       10     1000       0
                stringtext8                         867      867       10     1000       0
                stringtext7                         857      857       10     1000       0
                stringtext6                         847      847       10     1000       0
                stringtext5                         836      836       11     1000       0
                stringtext4                         825      825       11     1000       0
                stringtext3                         814      814       11     1000       0
                stringtext2                         800      800       14     1000       0
                nvBANK0                              2B       2B        8       20       1
                stringtext1                         913      913        C     1000       0
                idataBANK0                           E9       E9        3      1D2       0
                idataCOMMON                          E8       E8        1      1D0       0

TOTAL           Name                               Link     Load   Length     Space
        CLASS   STACK          

        CLASS   CODE           
                end_init                              2        2        2         0
                cinit                               7E2      7E2       1E         0
                reset_vec                             0        0        2         0
                text26                              148      148        F         0
                text25                              111      111        9         0
                text24                              157      157        F         0
                text23                              12E      12E        C         0
                text22                               EC       EC        6         0
                text21                               F2       F2        6         0
                text20                              166      166       10         0
                text19                              186      186       13         0
                text18                              199      199       15         0
                text17                              1AE      1AE       15         0
                text16                              11A      11A        9         0
                text15                              2A9      2A9       73         0
                text14                              23F      23F       2E         0
                text13                              1C3      1C3       16         0
                text12                              1D9      1D9       1D         0
                text11                               F8       F8        6         0
                text10                               FE       FE        6         0
                text9                               104      104        6         0
                text8                               1F6      1F6       22         0
                text7                               123      123        B         0
                text6                               10A      10A        7         0
                text5                               26D      26D       3C         0
                text4                               13A      13A        E         0
                text3                               176      176       10         0
                text2                               31C      31C      257         0
                text1                               218      218       27         0
                maintext                            573      573      26F         0
                idataBANK0                           E9       E9        3         0
                idataCOMMON                          E8       E8        1         0

        CLASS   STRCODE        
                stringtext22                        937      937        C         0
                stringtext21                        92B      92B        C         0
                stringtext20                        91F      91F        C         0
                stringtext19                        906      906        D         0
                stringtext18                        8F9      8F9        D         0
                stringtext17                        8EC      8EC        D         0
                stringtext16                        8DF      8DF        D         0
                stringtext15                        8D1      8D1        E         0
                stringtext14                        8C3      8C3        E         0
                stringtext13                        8B4      8B4        F         0
                stringtext12                        8A5      8A5        F         0
                stringtext11                        896      896        F         0
                stringtext10                        887      887        F         0
                stringtext9                         877      877       10         0
                stringtext8                         867      867       10         0
                stringtext7                         857      857       10         0
                stringtext6                         847      847       10         0
                stringtext5                         836      836       11         0
                stringtext4                         825      825       11         0
                stringtext3                         814      814       11         0
                stringtext2                         800      800       14         0
                stringtext1                         913      913        C         0

        CLASS   STRING         

        CLASS   CONST          

        CLASS   ENTRY          

        CLASS   COMMON         
                cstackCOMMON                         70       70        D         1
                dataCOMMON                           7D       7D        1         1

        CLASS   BANK0          
                dataBANK0                            33       33        3         1
                bssBANK0                             20       20        B         1
                nvBANK0                              2B       2B        8         1

        CLASS   BANK1          

        CLASS   BANK2          

        CLASS   BANK3          

        CLASS   BANK4          

        CLASS   BANK5          

        CLASS   BANK6          

        CLASS   BANK7          

        CLASS   BANK8          

        CLASS   BANK9          

        CLASS   BANK10         

        CLASS   BANK11         

        CLASS   BANK12         

        CLASS   BIGRAM         

        CLASS   RAM            

        CLASS   ABS1           
                abs_s1                               7E       7E        2         1

        CLASS   SFR0           

        CLASS   SFR1           

        CLASS   SFR2           

        CLASS   SFR3           

        CLASS   SFR4           

        CLASS   SFR5           

        CLASS   SFR6           

        CLASS   SFR7           

        CLASS   SFR8           

        CLASS   SFR9           

        CLASS   SFR10          

        CLASS   SFR11          

        CLASS   SFR12          

        CLASS   SFR13          

        CLASS   SFR14          

        CLASS   SFR15          

        CLASS   SFR16          

        CLASS   SFR17          

        CLASS   SFR18          

        CLASS   SFR19          

        CLASS   SFR20          

        CLASS   SFR21          

        CLASS   SFR22          

        CLASS   SFR23          

        CLASS   SFR24          

        CLASS   SFR25          

        CLASS   SFR26          

        CLASS   SFR27          

        CLASS   SFR28          

        CLASS   SFR29          

        CLASS   SFR30          

        CLASS   SFR31          

        CLASS   CONFIG         
                config                             8007     8007        3         4

        CLASS   IDLOC          

        CLASS   BANK31         

        CLASS   BANK30         

        CLASS   BANK29         

        CLASS   BANK28         

        CLASS   BANK27         

        CLASS   BANK26         

        CLASS   BANK25         

        CLASS   BANK24         

        CLASS   BANK23         

        CLASS   BANK22         

        CLASS   BANK21         

        CLASS   BANK20         

        CLASS   BANK19         

        CLASS   BANK18         

        CLASS   BANK17         

        CLASS   BANK16         

        CLASS   BANK15         

        CLASS   BANK14         

        CLASS   BANK13         

        CLASS   EEDATA         



SEGMENTS        Name                           Load    Length   Top    Selector   Space  Class     Delta

                text26                         000148  00000F  000157       290       0  CODE        2
                text24                         000157  00000F  000166       2AE       0  CODE        2
                reset_vec                      000000  000004  000004         0       0  CODE        2
                text4                          00013A  00000E  000148       274       0  CODE        2
                text3                          000176  000010  000186       2EC       0  CODE        2
                text20                         000166  000010  000176       2CC       0  CODE        2
                text23                         00012E  00000C  00013A       25C       0  CODE        2
                text7                          000123  00000B  00012E       246       0  CODE        2
                text19                         000186  000013  000199       30C       0  CODE        2
                stringtext2                    000800  000143  000943      1000       0  STRCODE     2
                text16                         00011A  000009  000123       234       0  CODE        2
                text9                          000104  000006  00010A       208       0  CODE        2
                text6                          00010A  000007  000111       214       0  CODE        2
                text25                         000111  000009  00011A       222       0  CODE        2
                text12                         0001D9  00001D  0001F6       3B2       0  CODE        2
                text13                         0001C3  000016  0001D9       386       0  CODE        2
                text17                         0001AE  000015  0001C3       35C       0  CODE        2
                text18                         000199  000015  0001AE       332       0  CODE        2
                text10                         0000FE  000006  000104       1FC       0  CODE        2
                text22                         0000EC  000006  0000F2       1D8       0  CODE        2
                idataCOMMON                    0000E8  000001  0000E9       1D0       0  CODE        2
                idataBANK0                     0000E9  000003  0000EC       1D2       0  CODE        2
                text21                         0000F2  000006  0000F8       1E4       0  CODE        2
                text11                         0000F8  000006  0000FE       1F0       0  CODE        2
                cinit                          0007E2  00001E  000800       FC4       0  CODE        2
                bssBANK0                       000020  000016  000036        20       1  BANK0       1
                cstackCOMMON                   000070  00000E  00007E        70       1  COMMON      1
                text14                         00023F  00002E  00026D       47E       0  CODE        2
                text5                          00026D  00003C  0002A9       4DA       0  CODE        2
                text15                         0002A9  000073  00031C       552       0  CODE        2
                text8                          0001F6  000022  000218       3EC       0  CODE        2
                text1                          000218  000027  00023F       430       0  CODE        2
                text2                          00031C  000257  000573       638       0  CODE        2
                maintext                       000573  00026F  0007E2       AE6       0  CODE        2


UNUSED ADDRESS RANGES

        Name                Unused          Largest block    Delta
        BANK0            00036-0006F              3A           1
        BANK1            000A0-000EF              50           1
        BANK10           00520-0056F              50           1
        BANK11           005A0-005EF              50           1
        BANK12           00620-0064F              30           1
        BANK2            00120-0016F              50           1
        BANK3            001A0-001EF              50           1
        BANK4            00220-0026F              50           1
        BANK5            002A0-002EF              50           1
        BANK6            00320-0036F              50           1
        BANK7            003A0-003EF              50           1
        BANK8            00420-0046F              50           1
        BANK9            004A0-004EF              50           1
        BIGRAM           02000-023EF             3F0           1
        CODE             00004-000E7              E4           2
                         00943-01FFF             800
        CONST            00004-000E7              E4           2
                         00943-01FFF             100
        ENTRY            00004-000E7              E4           2
                         00943-01FFF             100
        IDLOC            08000-08003               4           2
        RAM              00036-0006F              3A           1
                         000A0-000EF              50
                         00120-0016F              50
                         001A0-001EF              50
                         00220-0026F              50
                         002A0-002EF              50
                         00320-0036F              50
                         003A0-003EF              50
                         00420-0046F              50
                         004A0-004EF              50
                         00520-0056F              50
                         005A0-005EF              50
                         00620-0064F              30
        SFR0             00000-0001F              20           1
        SFR1             00080-0009F              20           1
        SFR10            00500-0051F              20           1
        SFR11            00580-0059F              20           1
        SFR12            00600-0061F              20           1
        SFR13            00680-006EF              70           1
        SFR14            00700-0076F              70           1
        SFR15            00780-007EF              70           1
        SFR16            00800-0086F              70           1
        SFR17            00880-008EF              70           1
        SFR18            00900-0096F              70           1
        SFR19            00980-009EF              70           1
        SFR2             00100-0011F              20           1
        SFR20            00A00-00A6F              70           1
        SFR21            00A80-00AEF              70           1
        SFR22            00B00-00B6F              70           1
        SFR23            00B80-00BEF              70           1
        SFR24            00C00-00C6F              70           1
        SFR25            00C80-00CEF              70           1
        SFR26            00D00-00D6F              70           1
        SFR27            00D80-00DEF              70           1
        SFR28            00E00-00E6F              70           1
        SFR29            00E80-00EEF              70           1
        SFR3             00180-0019F              20           1
        SFR30            00F00-00F6F              70           1
        SFR31            00F80-00FEF              70           1
        SFR4             00200-0021F              20           1
        SFR5             00280-0029F              20           1
        SFR6             00300-0031F              20           1
        SFR7             00380-0039F              20           1
        SFR8             00400-0041F              20           1
        SFR9             00480-0049F              20           1
        STACK            02016-023EF             3DA           1
        STRCODE          00004-000E7              E4           2
                         00943-01FFF            16BD
        STRING           00004-000E7              E4           2
                         00943-01FFF             100

                                  Symbol Table

EUSART_SetErrorHandler@interruptHandler        cstackCOMMON 00070
EUSART_SetFramingErrorHandler@interruptHandler cstackCOMMON 00070
EUSART_SetOverrunErrorHandler@interruptHandler cstackCOMMON 00070
EUSART_Write@txData                            cstackCOMMON 00070
I2C_Master_Write@data                          cstackCOMMON 00070
IO_Expander_Write@Data                         cstackCOMMON 00071
LCD_CMD@CMD                                    cstackCOMMON 00075
LCD_Init@I2C_Add                               cstackCOMMON 00077
LCD_Set_Cursor@COL                             cstackCOMMON 00076
LCD_Set_Cursor@ROW                             cstackCOMMON 00079
LCD_Write_4Bit@Nibble                          cstackCOMMON 00073
LCD_Write_Char@Data                            cstackCOMMON 00075
LCD_Write_String@Str                           cstackCOMMON 00076
LCD_Write_String@i                             cstackCOMMON 00079
_ANSELA                                        (abs)        0018C
_ANSELB                                        (abs)        0018D
_ANSELC                                        (abs)        0018E
_BAUD1CON                                      (abs)        0019F
_BORCON                                        (abs)        00116
_BackLight_State                               dataBANK0    00035
_Code                                          bssBANK0     00022
_EUSART_DefaultErrorHandler                    (abs)        00000
_EUSART_DefaultFramingErrorHandler             (abs)        00000
_EUSART_DefaultOverrunErrorHandler             (abs)        00000
_EUSART_ErrorHandler                           nvBANK0      0002B
_EUSART_FramingErrorHandler                    nvBANK0      0002F
_EUSART_Initialize                             text8        001F6
_EUSART_OverrunErrorHandler                    nvBANK0      0002D
_EUSART_Read                                   text26       00148
_EUSART_SetErrorHandler                        text11       000F8
_EUSART_SetFramingErrorHandler                 text10       000FE
_EUSART_SetOverrunErrorHandler                 text9        00104
_EUSART_Write                                  text25       00111
_EUSART_is_rx_ready                            (abs)        00000
_EUSART_is_tx_done                             (abs)        00000
_EUSART_is_tx_ready                            text24       00157
_EUSART_is_tx_ready$520                        cstackCOMMON 00070
_I2C_Master_Init                               text7        00123
_I2C_Master_Start                              text22       000EC
_I2C_Master_Stop                               text21       000F2
_I2C_Master_Wait                               text23       0012E
_I2C_Master_Write                              text20       00166
_ID                                            bssBANK0     00020
_INLVLA                                        (abs)        0038C
_INLVLB                                        (abs)        0038D
_INLVLC                                        (abs)        0038E
_INTCONbits                                    (abs)        0000B
_IO_Expander_Write                             text19       00186
_Key                                           dataCOMMON   0007D
_LATA                                          (abs)        0010C
_LATAbits                                      (abs)        0010C
_LATB                                          (abs)        0010D
_LATC                                          (abs)        0010E
_LATCbits                                      (abs)        0010E
_LCD_CMD                                       text17       001AE
_LCD_Clear                                     text16       0011A
_LCD_Init                                      text15       002A9
_LCD_Set_Cursor                                text14       0023F
_LCD_Write_4Bit                                text18       00199
_LCD_Write_Char                                text13       001C3
_LCD_Write_String                              text12       001D9
_ODCONA                                        (abs)        0028C
_ODCONB                                        (abs)        0028D
_ODCONC                                        (abs)        0028E
_OPTION_REG                                    (abs)        00095
_OPTION_REGbits                                (abs)        00095
_OSCCON                                        (abs)        00099
_OSCILLATOR_Initialize                         text6        0010A
_OSCTUNE                                       (abs)        00098
_PIN_MANAGER_Initialize                        text5        0026D
_PIR1bits                                      (abs)        00010
_PORTBbits                                     (abs)        0000D
_PORTCbits                                     (abs)        0000E
_RC1REG                                        (abs)        00199
_RC1STA                                        (abs)        0019D
_RC1STAbits                                    (abs)        0019D
_RC3PPS                                        (abs)        00EA3
_RC4PPS                                        (abs)        00EA4
_RC6PPS                                        (abs)        00EA6
_RS                                            bssBANK0     00028
_RXPPS                                         (abs)        00E24
_SLRCONA                                       (abs)        0030C
_SLRCONB                                       (abs)        0030D
_SLRCONC                                       (abs)        0030E
_SPBRGH                                        (abs)        0019C
_SPBRGL                                        (abs)        0019B
_SSP1ADD                                       (abs)        00212
_SSP1BUF                                       (abs)        00211
_SSP1CON1                                      (abs)        00215
_SSP1CON2                                      (abs)        00216
_SSP1CON2bits                                  (abs)        00216
_SSP1STAT                                      (abs)        00214
_SSPCLKPPS                                     (abs)        00E20
_SSPDATPPS                                     (abs)        00E21
_SYSTEM_Initialize                             text3        00176
_TMR0                                          (abs)        00015
_TMR0_Initialize                               text4        0013A
_TRISA                                         (abs)        0008C
_TRISB                                         (abs)        0008D
_TRISC                                         (abs)        0008E
_TRISC3                                        (abs)        00473
_TRISC4                                        (abs)        00474
_TX1REG                                        (abs)        0019A
_TX1STA                                        (abs)        0019E
_TX1STAbits                                    (abs)        0019E
_Val                                           bssBANK0     00029
_Val_mod                                       bssBANK0     00024
_WPUA                                          (abs)        0020C
_WPUB                                          (abs)        0020D
_WPUC                                          (abs)        0020E
__Habs1                                        abs1         00000
__Hbank0                                       bank0        00000
__Hbank1                                       bank1        00000
__Hbank10                                      bank10       00000
__Hbank11                                      bank11       00000
__Hbank12                                      bank12       00000
__Hbank13                                      bank13       00000
__Hbank14                                      bank14       00000
__Hbank15                                      bank15       00000
__Hbank16                                      bank16       00000
__Hbank17                                      bank17       00000
__Hbank18                                      bank18       00000
__Hbank19                                      bank19       00000
__Hbank2                                       bank2        00000
__Hbank20                                      bank20       00000
__Hbank21                                      bank21       00000
__Hbank22                                      bank22       00000
__Hbank23                                      bank23       00000
__Hbank24                                      bank24       00000
__Hbank25                                      bank25       00000
__Hbank26                                      bank26       00000
__Hbank27                                      bank27       00000
__Hbank28                                      bank28       00000
__Hbank29                                      bank29       00000
__Hbank3                                       bank3        00000
__Hbank30                                      bank30       00000
__Hbank31                                      bank31       00000
__Hbank4                                       bank4        00000
__Hbank5                                       bank5        00000
__Hbank6                                       bank6        00000
__Hbank7                                       bank7        00000
__Hbank8                                       bank8        00000
__Hbank9                                       bank9        00000
__Hbigram                                      bigram       00000
__HbssBANK0                                    bssBANK0     00000
__Hcinit                                       cinit        00800
__Hclrtext                                     clrtext      00000
__Hcode                                        code         00000
__Hcommon                                      common       00000
__Hconfig                                      config       0800A
__HcstackCOMMON                                cstackCOMMON 00000
__HdataBANK0                                   dataBANK0    00000
__HdataCOMMON                                  dataCOMMON   00000
__Heeprom_data                                 eeprom_data  00000
__Hend_init                                    end_init     00004
__Hfunctab                                     functab      00000
__HidataBANK0                                  idataBANK0   00000
__HidataCOMMON                                 idataCOMMON  00000
__Hinit                                        init         00002
__Hintentry                                    intentry     00002
__Hmaintext                                    maintext     00000
__HnvBANK0                                     nvBANK0      00000
__Hpowerup                                     powerup      00000
__Hram                                         ram          00000
__Hreset_vec                                   reset_vec    00002
__Hsfr0                                        sfr0         00000
__Hsfr1                                        sfr1         00000
__Hsfr10                                       sfr10        00000
__Hsfr11                                       sfr11        00000
__Hsfr12                                       sfr12        00000
__Hsfr13                                       sfr13        00000
__Hsfr14                                       sfr14        00000
__Hsfr15                                       sfr15        00000
__Hsfr16                                       sfr16        00000
__Hsfr17                                       sfr17        00000
__Hsfr18                                       sfr18        00000
__Hsfr19                                       sfr19        00000
__Hsfr2                                        sfr2         00000
__Hsfr20                                       sfr20        00000
__Hsfr21                                       sfr21        00000
__Hsfr22                                       sfr22        00000
__Hsfr23                                       sfr23        00000
__Hsfr24                                       sfr24        00000
__Hsfr25                                       sfr25        00000
__Hsfr26                                       sfr26        00000
__Hsfr27                                       sfr27        00000
__Hsfr28                                       sfr28        00000
__Hsfr29                                       sfr29        00000
__Hsfr3                                        sfr3         00000
__Hsfr30                                       sfr30        00000
__Hsfr31                                       sfr31        00000
__Hsfr4                                        sfr4         00000
__Hsfr5                                        sfr5         00000
__Hsfr6                                        sfr6         00000
__Hsfr7                                        sfr7         00000
__Hsfr8                                        sfr8         00000
__Hsfr9                                        sfr9         00000
__Hspace_0                                     (abs)        00943
__Hspace_1                                     (abs)        0007E
__Hspace_2                                     (abs)        00000
__Hspace_3                                     (abs)        00000
__Hspace_4                                     (abs)        10011
__Hstack                                       stack        00000
__Hstrings                                     strings      00000
__Hstringtext1                                 stringtext1  00000
__Hstringtext10                                stringtext10 00000
__Hstringtext11                                stringtext11 00000
__Hstringtext12                                stringtext12 00000
__Hstringtext13                                stringtext13 00000
__Hstringtext14                                stringtext14 00000
__Hstringtext15                                stringtext15 00000
__Hstringtext16                                stringtext16 00000
__Hstringtext17                                stringtext17 00000
__Hstringtext18                                stringtext18 00000
__Hstringtext19                                stringtext19 00000
__Hstringtext2                                 stringtext2  00000
__Hstringtext20                                stringtext20 00000
__Hstringtext21                                stringtext21 00000
__Hstringtext22                                stringtext22 00000
__Hstringtext23                                stringtext23 00000
__Hstringtext3                                 stringtext3  00000
__Hstringtext4                                 stringtext4  00000
__Hstringtext5                                 stringtext5  00000
__Hstringtext6                                 stringtext6  00000
__Hstringtext7                                 stringtext7  00000
__Hstringtext8                                 stringtext8  00000
__Hstringtext9                                 stringtext9  00000
__Htext                                        text         00000
__Labs1                                        abs1         00000
__Lbank0                                       bank0        00000
__Lbank1                                       bank1        00000
__Lbank10                                      bank10       00000
__Lbank11                                      bank11       00000
__Lbank12                                      bank12       00000
__Lbank13                                      bank13       00000
__Lbank14                                      bank14       00000
__Lbank15                                      bank15       00000
__Lbank16                                      bank16       00000
__Lbank17                                      bank17       00000
__Lbank18                                      bank18       00000
__Lbank19                                      bank19       00000
__Lbank2                                       bank2        00000
__Lbank20                                      bank20       00000
__Lbank21                                      bank21       00000
__Lbank22                                      bank22       00000
__Lbank23                                      bank23       00000
__Lbank24                                      bank24       00000
__Lbank25                                      bank25       00000
__Lbank26                                      bank26       00000
__Lbank27                                      bank27       00000
__Lbank28                                      bank28       00000
__Lbank29                                      bank29       00000
__Lbank3                                       bank3        00000
__Lbank30                                      bank30       00000
__Lbank31                                      bank31       00000
__Lbank4                                       bank4        00000
__Lbank5                                       bank5        00000
__Lbank6                                       bank6        00000
__Lbank7                                       bank7        00000
__Lbank8                                       bank8        00000
__Lbank9                                       bank9        00000
__Lbigram                                      bigram       00000
__LbssBANK0                                    bssBANK0     00000
__Lcinit                                       cinit        007E2
__Lclrtext                                     clrtext      00000
__Lcode                                        code         00000
__Lcommon                                      common       00000
__Lconfig                                      config       00000
__LcstackCOMMON                                cstackCOMMON 00000
__LdataBANK0                                   dataBANK0    00000
__LdataCOMMON                                  dataCOMMON   00000
__Leeprom_data                                 eeprom_data  00000
__Lend_init                                    end_init     00002
__Lfunctab                                     functab      00000
__LidataBANK0                                  idataBANK0   00000
__LidataCOMMON                                 idataCOMMON  00000
__Linit                                        init         00002
__Lintentry                                    intentry     00002
__Lmaintext                                    maintext     00000
__LnvBANK0                                     nvBANK0      00000
__Lpowerup                                     powerup      00000
__Lram                                         ram          00000
__Lreset_vec                                   reset_vec    00000
__Lsfr0                                        sfr0         00000
__Lsfr1                                        sfr1         00000
__Lsfr10                                       sfr10        00000
__Lsfr11                                       sfr11        00000
__Lsfr12                                       sfr12        00000
__Lsfr13                                       sfr13        00000
__Lsfr14                                       sfr14        00000
__Lsfr15                                       sfr15        00000
__Lsfr16                                       sfr16        00000
__Lsfr17                                       sfr17        00000
__Lsfr18                                       sfr18        00000
__Lsfr19                                       sfr19        00000
__Lsfr2                                        sfr2         00000
__Lsfr20                                       sfr20        00000
__Lsfr21                                       sfr21        00000
__Lsfr22                                       sfr22        00000
__Lsfr23                                       sfr23        00000
__Lsfr24                                       sfr24        00000
__Lsfr25                                       sfr25        00000
__Lsfr26                                       sfr26        00000
__Lsfr27                                       sfr27        00000
__Lsfr28                                       sfr28        00000
__Lsfr29                                       sfr29        00000
__Lsfr3                                        sfr3         00000
__Lsfr30                                       sfr30        00000
__Lsfr31                                       sfr31        00000
__Lsfr4                                        sfr4         00000
__Lsfr5                                        sfr5         00000
__Lsfr6                                        sfr6         00000
__Lsfr7                                        sfr7         00000
__Lsfr8                                        sfr8         00000
__Lsfr9                                        sfr9         00000
__Lspace_0                                     (abs)        00000
__Lspace_1                                     (abs)        00000
__Lspace_2                                     (abs)        00000
__Lspace_3                                     (abs)        00000
__Lspace_4                                     (abs)        00000
__Lstack                                       stack        00000
__Lstrings                                     strings      00000
__Lstringtext1                                 stringtext1  00000
__Lstringtext10                                stringtext10 00000
__Lstringtext11                                stringtext11 00000
__Lstringtext12                                stringtext12 00000
__Lstringtext13                                stringtext13 00000
__Lstringtext14                                stringtext14 00000
__Lstringtext15                                stringtext15 00000
__Lstringtext16                                stringtext16 00000
__Lstringtext17                                stringtext17 00000
__Lstringtext18                                stringtext18 00000
__Lstringtext19                                stringtext19 00000
__Lstringtext2                                 stringtext2  00000
__Lstringtext20                                stringtext20 00000
__Lstringtext21                                stringtext21 00000
__Lstringtext22                                stringtext22 00000
__Lstringtext23                                stringtext23 00000
__Lstringtext3                                 stringtext3  00000
__Lstringtext4                                 stringtext4  00000
__Lstringtext5                                 stringtext5  00000
__Lstringtext6                                 stringtext6  00000
__Lstringtext7                                 stringtext7  00000
__Lstringtext8                                 stringtext8  00000
__Lstringtext9                                 stringtext9  00000
__Ltext                                        text         00000
__S0                                           (abs)        00943
__S1                                           (abs)        0007E
__S2                                           (abs)        00000
___int_sp                                      stack        00000
___latbits                                     (abs)        00002
___sp                                          stack        00000
___stackhi                                     (abs)        023EF
___stacklo                                     (abs)        02016
__end_of_EUSART_Initialize                     text8        00218
__end_of_EUSART_Read                           text26       00157
__end_of_EUSART_SetErrorHandler                text11       000FE
__end_of_EUSART_SetFramingErrorHandler         text10       00104
__end_of_EUSART_SetOverrunErrorHandler         text9        0010A
__end_of_EUSART_Write                          text25       0011A
__end_of_EUSART_is_tx_ready                    text24       00166
__end_of_I2C_Master_Init                       text7        0012E
__end_of_I2C_Master_Start                      text22       000F2
__end_of_I2C_Master_Stop                       text21       000F8
__end_of_I2C_Master_Wait                       text23       0013A
__end_of_I2C_Master_Write                      text20       00176
__end_of_IO_Expander_Write                     text19       00199
__end_of_LCD_CMD                               text17       001C3
__end_of_LCD_Clear                             text16       00123
__end_of_LCD_Init                              text15       0031C
__end_of_LCD_Set_Cursor                        text14       0026D
__end_of_LCD_Write_4Bit                        text18       001AE
__end_of_LCD_Write_Char                        text13       001D9
__end_of_LCD_Write_String                      text12       001F6
__end_of_OSCILLATOR_Initialize                 text6        00111
__end_of_PIN_MANAGER_Initialize                text5        002A9
__end_of_SYSTEM_Initialize                     text3        00186
__end_of_TMR0_Initialize                       text4        00148
__end_of__initialization                       cinit        007FD
__end_of_keypad_scanner                        text2        00573
__end_of_main                                  maintext     007E2
__end_of_switch_press_scan                     text1        0023F
__end_of_uart                                  stringtext1  0091F
__initialization                               cinit        007E2
__pbssBANK0                                    bssBANK0     00020
__pcstackCOMMON                                cstackCOMMON 00070
__pdataBANK0                                   dataBANK0    00033
__pdataCOMMON                                  dataCOMMON   0007D
__pidataBANK0                                  idataBANK0   000E9
__pidataCOMMON                                 idataCOMMON  000E8
__pmaintext                                    maintext     00573
__pnvBANK0                                     nvBANK0      0002B
__pstringtext1                                 stringtext1  00913
__pstringtext10                                stringtext10 00887
__pstringtext11                                stringtext11 00896
__pstringtext12                                stringtext12 008A5
__pstringtext13                                stringtext13 008B4
__pstringtext14                                stringtext14 008C3
__pstringtext15                                stringtext15 008D1
__pstringtext16                                stringtext16 008DF
__pstringtext17                                stringtext17 008EC
__pstringtext18                                stringtext18 008F9
__pstringtext19                                stringtext19 00906
__pstringtext2                                 stringtext2  00800
__pstringtext20                                stringtext20 0091F
__pstringtext21                                stringtext21 0092B
__pstringtext22                                stringtext22 00937
__pstringtext23                                stringtext23 00000
__pstringtext3                                 stringtext3  00814
__pstringtext4                                 stringtext4  00825
__pstringtext5                                 stringtext5  00836
__pstringtext6                                 stringtext6  00847
__pstringtext7                                 stringtext7  00857
__pstringtext8                                 stringtext8  00867
__pstringtext9                                 stringtext9  00877
__ptext1                                       text1        00218
__ptext10                                      text10       000FE
__ptext11                                      text11       000F8
__ptext12                                      text12       001D9
__ptext13                                      text13       001C3
__ptext14                                      text14       0023F
__ptext15                                      text15       002A9
__ptext16                                      text16       0011A
__ptext17                                      text17       001AE
__ptext18                                      text18       00199
__ptext19                                      text19       00186
__ptext2                                       text2        0031C
__ptext20                                      text20       00166
__ptext21                                      text21       000F2
__ptext22                                      text22       000EC
__ptext23                                      text23       0012E
__ptext24                                      text24       00157
__ptext25                                      text25       00111
__ptext26                                      text26       00148
__ptext3                                       text3        00176
__ptext4                                       text4        0013A
__ptext5                                       text5        0026D
__ptext6                                       text6        0010A
__ptext7                                       text7        00123
__ptext8                                       text8        001F6
__ptext9                                       text9        00104
__size_of_EUSART_Initialize                    (abs)        00000
__size_of_EUSART_Read                          (abs)        00000
__size_of_EUSART_SetErrorHandler               (abs)        00000
__size_of_EUSART_SetFramingErrorHandler        (abs)        00000
__size_of_EUSART_SetOverrunErrorHandler        (abs)        00000
__size_of_EUSART_Write                         (abs)        00000
__size_of_EUSART_is_tx_ready                   (abs)        00000
__size_of_I2C_Master_Init                      (abs)        00000
__size_of_I2C_Master_Start                     (abs)        00000
__size_of_I2C_Master_Stop                      (abs)        00000
__size_of_I2C_Master_Wait                      (abs)        00000
__size_of_I2C_Master_Write                     (abs)        00000
__size_of_IO_Expander_Write                    (abs)        00000
__size_of_LCD_CMD                              (abs)        00000
__size_of_LCD_Clear                            (abs)        00000
__size_of_LCD_Init                             (abs)        00000
__size_of_LCD_Set_Cursor                       (abs)        00000
__size_of_LCD_Write_4Bit                       (abs)        00000
__size_of_LCD_Write_Char                       (abs)        00000
__size_of_LCD_Write_String                     (abs)        00000
__size_of_OSCILLATOR_Initialize                (abs)        00000
__size_of_PIN_MANAGER_Initialize               (abs)        00000
__size_of_SYSTEM_Initialize                    (abs)        00000
__size_of_TMR0_Initialize                      (abs)        00000
__size_of_keypad_scanner                       (abs)        00000
__size_of_main                                 (abs)        00000
__size_of_switch_press_scan                    (abs)        00000
_code                                          bssBANK0     00026
_counter                                       dataBANK0    00033
_eusartRxLastError                             bssBANK0     00027
_i2c_add                                       nvBANK0      00032
_keypad_scanner                                text2        0031C
_main                                          maintext     00573
_switch_press_scan                             text1        00218
_timer0ReloadVal                               nvBANK0      00031
btemp                                          (abs)        0007E
end_of_initialization                          cinit        007FD
intlevel0                                      functab      00000
intlevel1                                      functab      00000
intlevel2                                      functab      00000
intlevel3                                      functab      00000
intlevel4                                      functab      00000
intlevel5                                      functab      00000
keypad_scanner@key_o                           cstackCOMMON 00072
keypad_scanner@val_o                           cstackCOMMON 00070
reset_vec                                      reset_vec    00000
start                                          init         00002
start_initialization                           cinit        007E2
switch_press_scan@key                          cstackCOMMON 00078
switch_press_scan@key_o                        cstackCOMMON 00075
switch_press_scan@val                          cstackCOMMON 00076
switch_press_scan@val_o                        cstackCOMMON 00073
wtemp0                                         (abs)        0007E


MODULE INFORMATION

Module		Function		Class		Link	Load	Size
mcc_generated_files/tmr0.c
		_TMR0_Initialize		CODE           	013A	0000	14

mcc_generated_files/tmr0.c estimated size: 14

mcc_generated_files/pin_manager.c
		_PIN_MANAGER_Initialize		CODE           	026D	0000	60

mcc_generated_files/pin_manager.c estimated size: 60

shared
		_uart          		STRCODE        	0000	0000	0
		__initialization		CODE           	07E2	0000	27

shared estimated size: 27

mcc_generated_files/mcc.c
		_OSCILLATOR_Initialize		CODE           	010A	0000	7
		_SYSTEM_Initialize		CODE           	0176	0000	16

mcc_generated_files/mcc.c estimated size: 23

mcc_generated_files/I2C_LCD.c
		_LCD_Init      		CODE           	02A9	0000	115
		_LCD_Write_4Bit		CODE           	0199	0000	21
		_LCD_Write_Char		CODE           	01C3	0000	22
		_LCD_CMD       		CODE           	01AE	0000	21
		_I2C_Master_Wait		CODE           	012E	0000	12
		_I2C_Master_Init		CODE           	0123	0000	11
		_I2C_Master_Stop		CODE           	00F2	0000	6
		_LCD_Set_Cursor		CODE           	023F	0000	46
		_LCD_Clear     		CODE           	011A	0000	9
		_IO_Expander_Write		CODE           	0186	0000	19
		_I2C_Master_Write		CODE           	0166	0000	16
		_I2C_Master_Start		CODE           	00EC	0000	6
		_LCD_Write_String		CODE           	01D9	0000	29

mcc_generated_files/I2C_LCD.c estimated size: 333

mcc_generated_files/keypad.c
		_switch_press_scan		CODE           	0218	0000	39
		_keypad_scanner		CODE           	031C	0000	599

mcc_generated_files/keypad.c estimated size: 638

mcc_generated_files/eusart.c
		_EUSART_Read   		CODE           	0148	0000	15
		_EUSART_Write  		CODE           	0111	0000	9
		_EUSART_Initialize		CODE           	01F6	0000	34
		_EUSART_SetFramingErrorHandler		CODE           	00FE	0000	6
		_EUSART_SetErrorHandler		CODE           	00F8	0000	6
		_EUSART_SetOverrunErrorHandler		CODE           	0104	0000	6
		_EUSART_is_tx_ready		CODE           	0157	0000	15

mcc_generated_files/eusart.c estimated size: 91

main.c
		_main          		CODE           	0573	0000	623

main.c estimated size: 623

